<?xml version="1.0" encoding="UTF-8"?>
<sbml xmlns="http://www.sbml.org/sbml/level2" level="2" version="1">
  <model id="model">
    <listOfUnitDefinitions>
      <unitDefinition id="mmol_per_gDW_per_hr">
        <listOfUnits>
          <unit kind="mole" scale="-3" multiplier="1" offset="0"/>
          <unit kind="gram" exponent="-1" multiplier="1" offset="0"/>
          <unit kind="second" exponent="-1" multiplier="0.00027777" offset="0"/>
        </listOfUnits>
      </unitDefinition>
    </listOfUnitDefinitions>
    <listOfCompartments>
      <compartment id="cell"/>
      <compartment id="extracellular"/>
      <compartment id="chloroplast"/>
    </listOfCompartments>
    <listOfSpecies><species id="META5096" name="metacyc:THF-GLU-N" compartment="cell" boundaryCondition="true"/>
      <species id="META7213" name="metacyc:Reduced-ferredoxins" compartment="cell" boundaryCondition="true"/>
      <species id="META24390" name="metacyc:D-RIBULOSE-15-P2" compartment="cell" boundaryCondition="true"/>
      <species id="META24860" name="metacyc:ATP" compartment="cell" boundaryCondition="true"/>
      <species id="META7265" name="metacyc:Cytochromes-C-Reduced" compartment="cell" boundaryCondition="true"/>
      <species id="META29033" name="metacyc:GLUTATHIONE" compartment="cell" boundaryCondition="true"/>
      <species id="META7272" name="metacyc:Reduced-flavodoxins" compartment="cell" boundaryCondition="true"/>
      <species id="META2269" name="metacyc:ACP" compartment="cell" boundaryCondition="true"/>
      <species id="META7375" name="metacyc:Ubiquinones" compartment="cell" boundaryCondition="true"/>
      <species id="META27394" name="metacyc:OXYGEN-MOLECULE" compartment="cell" boundaryCondition="true"/>
      <species id="META27470" name="metacyc:NITRATE" compartment="cell" boundaryCondition="true"/>
      <species id="META7645" name="metacyc:Ubiquinols" compartment="cell" boundaryCondition="true"/>
      <species id="META25050" name="metacyc:NAD" compartment="cell" boundaryCondition="true"/>
      <species id="META25051" name="metacyc:NADP" compartment="cell" boundaryCondition="true"/>
      <species id="META27478" name="metacyc:SULFATE" compartment="cell" boundaryCondition="true"/>
      <species id="META25052" name="metacyc:NADH" compartment="cell" boundaryCondition="true"/>
      <species id="META27488" name="metacyc:Pi" compartment="cell" boundaryCondition="true"/>
      <species id="META2403" name="metacyc:Oxidized-ferredoxins" compartment="cell" boundaryCondition="true"/>
      <species id="META25053" name="metacyc:NADPH" compartment="cell" boundaryCondition="true"/>
      <species id="META24858" name="metacyc:ADP" compartment="cell" boundaryCondition="true"/>
      <species id="META22056" name="metacyc:OXIDIZED-GLUTATHIONE" compartment="cell" boundaryCondition="true"/>
      <species id="META18929" name="metacyc:CARBON-DIOXIDE" compartment="cell" boundaryCondition="true"/>
      <species id="META27535" name="metacyc:PROTON" compartment="cell" boundaryCondition="true"/>
      <species id="META9773" name="metacyc:Oxo-glutarate-dehydrogenase-lipoyl" compartment="cell" boundaryCondition="true"/>
      <species id="META9774" name="metacyc:PROTEIN-LIPOYLLYSINE" compartment="cell" boundaryCondition="true"/>
      <species id="META2404" name="metacyc:Oxidized-flavodoxins" compartment="cell" boundaryCondition="true"/>
      <species id="META4879" name="metacyc:Red-Thioredoxin" compartment="cell" boundaryCondition="true"/>
      <species id="META7264" name="metacyc:Cytochromes-C-Oxidized" compartment="cell" boundaryCondition="true"/>
      <species id="META9775" name="metacyc:Pyruvate-dehydrogenase-lipoate" compartment="cell" boundaryCondition="true"/>
      <species id="META2397" name="metacyc:Ox-Thioredoxin" compartment="cell" boundaryCondition="true"/>
      <species id="META22304" name="metacyc:WATER" compartment="cell" boundaryCondition="true"/>
      <species id="META27527" name="metacyc:MG+2" compartment="cell" boundaryCondition="true"/>
      <species id="META11449" name="metacyc:GLT-tRNAs" compartment="cell" boundaryCondition="true"/>
      <species id="META3103" name="metacyc:Light" compartment="cell" boundaryCondition="true"/>
      <species id="META26217" name="metacyc:CO-A" compartment="cell" boundaryCondition="true"/>
      </listOfSpecies></model>
</sbml>
